interactions:
- request:
    body: status=Toot%21
    headers:
      Accept:
      - '*/*'
      Accept-Encoding:
      - gzip, deflate
      Authorization:
      - Bearer __MASTODON_PY_TEST_ACCESS_TOKEN
      Connection:
      - keep-alive
      Content-Length:
      - '14'
      Content-Type:
      - application/x-www-form-urlencoded
      User-Agent:
      - tests/v311
    method: POST
    uri: http://localhost:3000/api/v1/statuses
  response:
    body:
      string: '{"id":"109383677960160722","created_at":"2022-11-21T20:27:48.876Z","in_reply_to_id":null,"in_reply_to_account_id":null,"sensitive":false,"spoiler_text":"","visibility":"public","language":"ja","uri":"http://localhost:3000/users/mastodonpy_test/statuses/109383677960160722","url":"http://localhost:3000/@mastodonpy_test/109383677960160722","replies_count":0,"reblogs_count":0,"favourites_count":0,"edited_at":null,"favourited":false,"reblogged":false,"muted":false,"bookmarked":false,"pinned":false,"content":"\u003cp\u003eToot!\u003c/p\u003e","filtered":[],"reblog":null,"application":{"name":"Mastodon.py
        test suite","website":null},"account":{"id":"109383664973470793","username":"mastodonpy_test","acct":"mastodonpy_test","display_name":"John
        Lennon","locked":true,"bot":false,"discoverable":null,"group":false,"created_at":"2022-11-21T00:00:00.000Z","note":"\u003cp\u003eI
        walk funny\u003c/p\u003e","url":"http://localhost:3000/@mastodonpy_test","avatar":"http://localhost:3000/system/accounts/avatars/109/383/664/973/470/793/original/2960918a2a94fe6d.jpg","avatar_static":"http://localhost:3000/system/accounts/avatars/109/383/664/973/470/793/original/2960918a2a94fe6d.jpg","header":"http://localhost:3000/system/accounts/headers/109/383/664/973/470/793/original/a9a79058f61f48e3.jpg","header_static":"http://localhost:3000/system/accounts/headers/109/383/664/973/470/793/original/a9a79058f61f48e3.jpg","followers_count":0,"following_count":0,"statuses_count":6,"last_status_at":"2022-11-21","noindex":false,"emojis":[],"fields":[{"name":"bread","value":"toasty.","verified_at":null},{"name":"lasagna","value":"no!!!","verified_at":null}]},"media_attachments":[],"mentions":[],"tags":[],"emojis":[],"card":null,"poll":null}'
    headers:
      Cache-Control:
      - no-store
      Content-Security-Policy:
      - 'base-uri ''none''; default-src ''none''; frame-ancestors ''none''; font-src
        ''self'' http://localhost:3000; img-src ''self'' https: data: blob: http://localhost:3000;
        style-src ''self'' http://localhost:3000 ''nonce-019B9Tonlckt62EiGBKHPA=='';
        media-src ''self'' https: data: http://localhost:3000; frame-src ''self''
        https:; manifest-src ''self'' http://localhost:3000; connect-src ''self''
        data: blob: http://localhost:3000 http://localhost:3000 ws://localhost:4000
        ws://localhost:3035 http://localhost:3035; script-src ''self'' ''unsafe-inline''
        ''unsafe-eval'' http://localhost:3000; child-src ''self'' blob: http://localhost:3000;
        worker-src ''self'' blob: http://localhost:3000'
      Content-Type:
      - application/json; charset=utf-8
      ETag:
      - W/"96fec563b2915111b24d7e36eac1c3e2"
      Referrer-Policy:
      - strict-origin-when-cross-origin
      Transfer-Encoding:
      - chunked
      Vary:
      - Accept, Origin
      X-Content-Type-Options:
      - nosniff
      X-Download-Options:
      - noopen
      X-Frame-Options:
      - SAMEORIGIN
      X-Permitted-Cross-Domain-Policies:
      - none
      X-RateLimit-Limit:
      - '300'
      X-RateLimit-Remaining:
      - '194'
      X-RateLimit-Reset:
      - '2022-11-21T21:00:00.896655Z'
      X-Request-Id:
      - 28768605-071c-4ed6-bb12-1d84d322ba2f
      X-Runtime:
      - '0.033902'
      X-XSS-Protection:
      - 1; mode=block
    status:
      code: 200
      message: OK
- request:
    body: null
    headers:
      Accept:
      - '*/*'
      Accept-Encoding:
      - gzip, deflate
      Authorization:
      - Bearer __MASTODON_PY_TEST_ACCESS_TOKEN
      Connection:
      - keep-alive
      User-Agent:
      - tests/v311
    method: GET
    uri: http://localhost:3000/api/v1/timelines/public
  response:
    body:
      string: '[{"id":"109383677960160722","created_at":"2022-11-21T20:27:48.876Z","in_reply_to_id":null,"in_reply_to_account_id":null,"sensitive":false,"spoiler_text":"","visibility":"public","language":"ja","uri":"http://localhost:3000/users/mastodonpy_test/statuses/109383677960160722","url":"http://localhost:3000/@mastodonpy_test/109383677960160722","replies_count":0,"reblogs_count":0,"favourites_count":0,"edited_at":null,"favourited":false,"reblogged":false,"muted":false,"bookmarked":false,"pinned":false,"content":"\u003cp\u003eToot!\u003c/p\u003e","filtered":[],"reblog":null,"application":{"name":"Mastodon.py
        test suite","website":null},"account":{"id":"109383664973470793","username":"mastodonpy_test","acct":"mastodonpy_test","display_name":"John
        Lennon","locked":true,"bot":false,"discoverable":null,"group":false,"created_at":"2022-11-21T00:00:00.000Z","note":"\u003cp\u003eI
        walk funny\u003c/p\u003e","url":"http://localhost:3000/@mastodonpy_test","avatar":"http://localhost:3000/system/accounts/avatars/109/383/664/973/470/793/original/2960918a2a94fe6d.jpg","avatar_static":"http://localhost:3000/system/accounts/avatars/109/383/664/973/470/793/original/2960918a2a94fe6d.jpg","header":"http://localhost:3000/system/accounts/headers/109/383/664/973/470/793/original/a9a79058f61f48e3.jpg","header_static":"http://localhost:3000/system/accounts/headers/109/383/664/973/470/793/original/a9a79058f61f48e3.jpg","followers_count":0,"following_count":0,"statuses_count":6,"last_status_at":"2022-11-21","noindex":false,"emojis":[],"fields":[{"name":"bread","value":"toasty.","verified_at":null},{"name":"lasagna","value":"no!!!","verified_at":null}]},"media_attachments":[],"mentions":[],"tags":[],"emojis":[],"card":null,"poll":null},{"id":"109383675125308973","created_at":"2022-11-21T20:27:05.619Z","in_reply_to_id":null,"in_reply_to_account_id":null,"sensitive":false,"spoiler_text":"","visibility":"public","language":"ja","uri":"http://localhost:3000/users/mastodonpy_test/statuses/109383675125308973","url":"http://localhost:3000/@mastodonpy_test/109383675125308973","replies_count":0,"reblogs_count":0,"favourites_count":0,"edited_at":null,"favourited":false,"reblogged":false,"muted":false,"bookmarked":false,"pinned":false,"content":"\u003cp\u003eit\u0026#39;s
        cool guy\u003c/p\u003e","filtered":[],"reblog":null,"application":{"name":"Mastodon.py
        test suite","website":null},"account":{"id":"109383664973470793","username":"mastodonpy_test","acct":"mastodonpy_test","display_name":"John
        Lennon","locked":true,"bot":false,"discoverable":null,"group":false,"created_at":"2022-11-21T00:00:00.000Z","note":"\u003cp\u003eI
        walk funny\u003c/p\u003e","url":"http://localhost:3000/@mastodonpy_test","avatar":"http://localhost:3000/system/accounts/avatars/109/383/664/973/470/793/original/2960918a2a94fe6d.jpg","avatar_static":"http://localhost:3000/system/accounts/avatars/109/383/664/973/470/793/original/2960918a2a94fe6d.jpg","header":"http://localhost:3000/system/accounts/headers/109/383/664/973/470/793/original/a9a79058f61f48e3.jpg","header_static":"http://localhost:3000/system/accounts/headers/109/383/664/973/470/793/original/a9a79058f61f48e3.jpg","followers_count":0,"following_count":0,"statuses_count":6,"last_status_at":"2022-11-21","noindex":false,"emojis":[],"fields":[{"name":"bread","value":"toasty.","verified_at":null},{"name":"lasagna","value":"no!!!","verified_at":null}]},"media_attachments":[],"mentions":[],"tags":[],"emojis":[],"card":null,"poll":null},{"id":"109383673151913677","created_at":"2022-11-21T20:26:35.508Z","in_reply_to_id":null,"in_reply_to_account_id":null,"sensitive":false,"spoiler_text":"","visibility":"public","language":"ja","uri":"http://localhost:3000/users/mastodonpy_test/statuses/109383673151913677","url":"http://localhost:3000/@mastodonpy_test/109383673151913677","replies_count":0,"reblogs_count":0,"favourites_count":0,"edited_at":null,"favourited":false,"reblogged":false,"muted":false,"bookmarked":false,"pinned":false,"content":"\u003cp\u003eonly
        real cars respond.\u003c/p\u003e","filtered":[],"reblog":null,"application":{"name":"Mastodon.py
        test suite","website":null},"account":{"id":"109383664973470793","username":"mastodonpy_test","acct":"mastodonpy_test","display_name":"John
        Lennon","locked":true,"bot":false,"discoverable":null,"group":false,"created_at":"2022-11-21T00:00:00.000Z","note":"\u003cp\u003eI
        walk funny\u003c/p\u003e","url":"http://localhost:3000/@mastodonpy_test","avatar":"http://localhost:3000/system/accounts/avatars/109/383/664/973/470/793/original/2960918a2a94fe6d.jpg","avatar_static":"http://localhost:3000/system/accounts/avatars/109/383/664/973/470/793/original/2960918a2a94fe6d.jpg","header":"http://localhost:3000/system/accounts/headers/109/383/664/973/470/793/original/a9a79058f61f48e3.jpg","header_static":"http://localhost:3000/system/accounts/headers/109/383/664/973/470/793/original/a9a79058f61f48e3.jpg","followers_count":0,"following_count":0,"statuses_count":6,"last_status_at":"2022-11-21","noindex":false,"emojis":[],"fields":[{"name":"bread","value":"toasty.","verified_at":null},{"name":"lasagna","value":"no!!!","verified_at":null}]},"media_attachments":[],"mentions":[],"tags":[],"emojis":[],"card":null,"poll":null},{"id":"109383671694003672","created_at":"2022-11-21T20:26:13.262Z","in_reply_to_id":null,"in_reply_to_account_id":null,"sensitive":false,"spoiler_text":"","visibility":"public","language":"ja","uri":"http://localhost:3000/users/mastodonpy_test/statuses/109383671694003672","url":"http://localhost:3000/@mastodonpy_test/109383671694003672","replies_count":0,"reblogs_count":0,"favourites_count":0,"edited_at":null,"favourited":false,"reblogged":false,"muted":false,"bookmarked":false,"pinned":false,"content":"\u003cp\u003eplease
        ensure adequate headroom\u003c/p\u003e","filtered":[],"reblog":null,"application":{"name":"Mastodon.py
        test suite","website":null},"account":{"id":"109383664973470793","username":"mastodonpy_test","acct":"mastodonpy_test","display_name":"John
        Lennon","locked":true,"bot":false,"discoverable":null,"group":false,"created_at":"2022-11-21T00:00:00.000Z","note":"\u003cp\u003eI
        walk funny\u003c/p\u003e","url":"http://localhost:3000/@mastodonpy_test","avatar":"http://localhost:3000/system/accounts/avatars/109/383/664/973/470/793/original/2960918a2a94fe6d.jpg","avatar_static":"http://localhost:3000/system/accounts/avatars/109/383/664/973/470/793/original/2960918a2a94fe6d.jpg","header":"http://localhost:3000/system/accounts/headers/109/383/664/973/470/793/original/a9a79058f61f48e3.jpg","header_static":"http://localhost:3000/system/accounts/headers/109/383/664/973/470/793/original/a9a79058f61f48e3.jpg","followers_count":0,"following_count":0,"statuses_count":6,"last_status_at":"2022-11-21","noindex":false,"emojis":[],"fields":[{"name":"bread","value":"toasty.","verified_at":null},{"name":"lasagna","value":"no!!!","verified_at":null}]},"media_attachments":[],"mentions":[],"tags":[],"emojis":[],"card":null,"poll":null}]'
    headers:
      Cache-Control:
      - no-store
      Content-Security-Policy:
      - 'base-uri ''none''; default-src ''none''; frame-ancestors ''none''; font-src
        ''self'' http://localhost:3000; img-src ''self'' https: data: blob: http://localhost:3000;
        style-src ''self'' http://localhost:3000 ''nonce-hadCbIKF/7Y/Cvzuq2HRng=='';
        media-src ''self'' https: data: http://localhost:3000; frame-src ''self''
        https:; manifest-src ''self'' http://localhost:3000; connect-src ''self''
        data: blob: http://localhost:3000 http://localhost:3000 ws://localhost:4000
        ws://localhost:3035 http://localhost:3035; script-src ''self'' ''unsafe-inline''
        ''unsafe-eval'' http://localhost:3000; child-src ''self'' blob: http://localhost:3000;
        worker-src ''self'' blob: http://localhost:3000'
      Content-Type:
      - application/json; charset=utf-8
      ETag:
      - W/"caf08f125ab6e48c806b81b21f40975e"
      Link:
      - <http://localhost:3000/api/v1/timelines/public?max_id=109383671694003672>;
        rel="next", <http://localhost:3000/api/v1/timelines/public?min_id=109383677960160722>;
        rel="prev"
      Referrer-Policy:
      - strict-origin-when-cross-origin
      Transfer-Encoding:
      - chunked
      Vary:
      - Accept, Origin
      X-Content-Type-Options:
      - nosniff
      X-Download-Options:
      - noopen
      X-Frame-Options:
      - SAMEORIGIN
      X-Permitted-Cross-Domain-Policies:
      - none
      X-Request-Id:
      - 433dbd21-84eb-420c-8626-b072e795045f
      X-Runtime:
      - '0.039479'
      X-XSS-Protection:
      - 1; mode=block
    status:
      code: 200
      message: OK
- request:
    body: null
    headers:
      Accept:
      - '*/*'
      Accept-Encoding:
      - gzip, deflate
      Authorization:
      - Bearer __MASTODON_PY_TEST_ACCESS_TOKEN
      Connection:
      - keep-alive
      User-Agent:
      - tests/v311
    method: GET
    uri: http://localhost:3000/api/v1/timelines/public?local=1
  response:
    body:
      string: '[{"id":"109383677960160722","created_at":"2022-11-21T20:27:48.876Z","in_reply_to_id":null,"in_reply_to_account_id":null,"sensitive":false,"spoiler_text":"","visibility":"public","language":"ja","uri":"http://localhost:3000/users/mastodonpy_test/statuses/109383677960160722","url":"http://localhost:3000/@mastodonpy_test/109383677960160722","replies_count":0,"reblogs_count":0,"favourites_count":0,"edited_at":null,"favourited":false,"reblogged":false,"muted":false,"bookmarked":false,"pinned":false,"content":"\u003cp\u003eToot!\u003c/p\u003e","filtered":[],"reblog":null,"application":{"name":"Mastodon.py
        test suite","website":null},"account":{"id":"109383664973470793","username":"mastodonpy_test","acct":"mastodonpy_test","display_name":"John
        Lennon","locked":true,"bot":false,"discoverable":null,"group":false,"created_at":"2022-11-21T00:00:00.000Z","note":"\u003cp\u003eI
        walk funny\u003c/p\u003e","url":"http://localhost:3000/@mastodonpy_test","avatar":"http://localhost:3000/system/accounts/avatars/109/383/664/973/470/793/original/2960918a2a94fe6d.jpg","avatar_static":"http://localhost:3000/system/accounts/avatars/109/383/664/973/470/793/original/2960918a2a94fe6d.jpg","header":"http://localhost:3000/system/accounts/headers/109/383/664/973/470/793/original/a9a79058f61f48e3.jpg","header_static":"http://localhost:3000/system/accounts/headers/109/383/664/973/470/793/original/a9a79058f61f48e3.jpg","followers_count":0,"following_count":0,"statuses_count":6,"last_status_at":"2022-11-21","noindex":false,"emojis":[],"fields":[{"name":"bread","value":"toasty.","verified_at":null},{"name":"lasagna","value":"no!!!","verified_at":null}]},"media_attachments":[],"mentions":[],"tags":[],"emojis":[],"card":null,"poll":null},{"id":"109383675125308973","created_at":"2022-11-21T20:27:05.619Z","in_reply_to_id":null,"in_reply_to_account_id":null,"sensitive":false,"spoiler_text":"","visibility":"public","language":"ja","uri":"http://localhost:3000/users/mastodonpy_test/statuses/109383675125308973","url":"http://localhost:3000/@mastodonpy_test/109383675125308973","replies_count":0,"reblogs_count":0,"favourites_count":0,"edited_at":null,"favourited":false,"reblogged":false,"muted":false,"bookmarked":false,"pinned":false,"content":"\u003cp\u003eit\u0026#39;s
        cool guy\u003c/p\u003e","filtered":[],"reblog":null,"application":{"name":"Mastodon.py
        test suite","website":null},"account":{"id":"109383664973470793","username":"mastodonpy_test","acct":"mastodonpy_test","display_name":"John
        Lennon","locked":true,"bot":false,"discoverable":null,"group":false,"created_at":"2022-11-21T00:00:00.000Z","note":"\u003cp\u003eI
        walk funny\u003c/p\u003e","url":"http://localhost:3000/@mastodonpy_test","avatar":"http://localhost:3000/system/accounts/avatars/109/383/664/973/470/793/original/2960918a2a94fe6d.jpg","avatar_static":"http://localhost:3000/system/accounts/avatars/109/383/664/973/470/793/original/2960918a2a94fe6d.jpg","header":"http://localhost:3000/system/accounts/headers/109/383/664/973/470/793/original/a9a79058f61f48e3.jpg","header_static":"http://localhost:3000/system/accounts/headers/109/383/664/973/470/793/original/a9a79058f61f48e3.jpg","followers_count":0,"following_count":0,"statuses_count":6,"last_status_at":"2022-11-21","noindex":false,"emojis":[],"fields":[{"name":"bread","value":"toasty.","verified_at":null},{"name":"lasagna","value":"no!!!","verified_at":null}]},"media_attachments":[],"mentions":[],"tags":[],"emojis":[],"card":null,"poll":null},{"id":"109383673151913677","created_at":"2022-11-21T20:26:35.508Z","in_reply_to_id":null,"in_reply_to_account_id":null,"sensitive":false,"spoiler_text":"","visibility":"public","language":"ja","uri":"http://localhost:3000/users/mastodonpy_test/statuses/109383673151913677","url":"http://localhost:3000/@mastodonpy_test/109383673151913677","replies_count":0,"reblogs_count":0,"favourites_count":0,"edited_at":null,"favourited":false,"reblogged":false,"muted":false,"bookmarked":false,"pinned":false,"content":"\u003cp\u003eonly
        real cars respond.\u003c/p\u003e","filtered":[],"reblog":null,"application":{"name":"Mastodon.py
        test suite","website":null},"account":{"id":"109383664973470793","username":"mastodonpy_test","acct":"mastodonpy_test","display_name":"John
        Lennon","locked":true,"bot":false,"discoverable":null,"group":false,"created_at":"2022-11-21T00:00:00.000Z","note":"\u003cp\u003eI
        walk funny\u003c/p\u003e","url":"http://localhost:3000/@mastodonpy_test","avatar":"http://localhost:3000/system/accounts/avatars/109/383/664/973/470/793/original/2960918a2a94fe6d.jpg","avatar_static":"http://localhost:3000/system/accounts/avatars/109/383/664/973/470/793/original/2960918a2a94fe6d.jpg","header":"http://localhost:3000/system/accounts/headers/109/383/664/973/470/793/original/a9a79058f61f48e3.jpg","header_static":"http://localhost:3000/system/accounts/headers/109/383/664/973/470/793/original/a9a79058f61f48e3.jpg","followers_count":0,"following_count":0,"statuses_count":6,"last_status_at":"2022-11-21","noindex":false,"emojis":[],"fields":[{"name":"bread","value":"toasty.","verified_at":null},{"name":"lasagna","value":"no!!!","verified_at":null}]},"media_attachments":[],"mentions":[],"tags":[],"emojis":[],"card":null,"poll":null},{"id":"109383671694003672","created_at":"2022-11-21T20:26:13.262Z","in_reply_to_id":null,"in_reply_to_account_id":null,"sensitive":false,"spoiler_text":"","visibility":"public","language":"ja","uri":"http://localhost:3000/users/mastodonpy_test/statuses/109383671694003672","url":"http://localhost:3000/@mastodonpy_test/109383671694003672","replies_count":0,"reblogs_count":0,"favourites_count":0,"edited_at":null,"favourited":false,"reblogged":false,"muted":false,"bookmarked":false,"pinned":false,"content":"\u003cp\u003eplease
        ensure adequate headroom\u003c/p\u003e","filtered":[],"reblog":null,"application":{"name":"Mastodon.py
        test suite","website":null},"account":{"id":"109383664973470793","username":"mastodonpy_test","acct":"mastodonpy_test","display_name":"John
        Lennon","locked":true,"bot":false,"discoverable":null,"group":false,"created_at":"2022-11-21T00:00:00.000Z","note":"\u003cp\u003eI
        walk funny\u003c/p\u003e","url":"http://localhost:3000/@mastodonpy_test","avatar":"http://localhost:3000/system/accounts/avatars/109/383/664/973/470/793/original/2960918a2a94fe6d.jpg","avatar_static":"http://localhost:3000/system/accounts/avatars/109/383/664/973/470/793/original/2960918a2a94fe6d.jpg","header":"http://localhost:3000/system/accounts/headers/109/383/664/973/470/793/original/a9a79058f61f48e3.jpg","header_static":"http://localhost:3000/system/accounts/headers/109/383/664/973/470/793/original/a9a79058f61f48e3.jpg","followers_count":0,"following_count":0,"statuses_count":6,"last_status_at":"2022-11-21","noindex":false,"emojis":[],"fields":[{"name":"bread","value":"toasty.","verified_at":null},{"name":"lasagna","value":"no!!!","verified_at":null}]},"media_attachments":[],"mentions":[],"tags":[],"emojis":[],"card":null,"poll":null}]'
    headers:
      Cache-Control:
      - no-store
      Content-Security-Policy:
      - 'base-uri ''none''; default-src ''none''; frame-ancestors ''none''; font-src
        ''self'' http://localhost:3000; img-src ''self'' https: data: blob: http://localhost:3000;
        style-src ''self'' http://localhost:3000 ''nonce-BlgcgF/QENkEeXTOYi/5Dg=='';
        media-src ''self'' https: data: http://localhost:3000; frame-src ''self''
        https:; manifest-src ''self'' http://localhost:3000; connect-src ''self''
        data: blob: http://localhost:3000 http://localhost:3000 ws://localhost:4000
        ws://localhost:3035 http://localhost:3035; script-src ''self'' ''unsafe-inline''
        ''unsafe-eval'' http://localhost:3000; child-src ''self'' blob: http://localhost:3000;
        worker-src ''self'' blob: http://localhost:3000'
      Content-Type:
      - application/json; charset=utf-8
      ETag:
      - W/"caf08f125ab6e48c806b81b21f40975e"
      Link:
      - <http://localhost:3000/api/v1/timelines/public?local=1&max_id=109383671694003672>;
        rel="next", <http://localhost:3000/api/v1/timelines/public?local=1&min_id=109383677960160722>;
        rel="prev"
      Referrer-Policy:
      - strict-origin-when-cross-origin
      Transfer-Encoding:
      - chunked
      Vary:
      - Accept, Origin
      X-Content-Type-Options:
      - nosniff
      X-Download-Options:
      - noopen
      X-Frame-Options:
      - SAMEORIGIN
      X-Permitted-Cross-Domain-Policies:
      - none
      X-Request-Id:
      - 248d6277-82c2-402c-9567-5926c01bcd66
      X-Runtime:
      - '0.037689'
      X-XSS-Protection:
      - 1; mode=block
    status:
      code: 200
      message: OK
- request:
    body: null
    headers:
      Accept:
      - '*/*'
      Accept-Encoding:
      - gzip, deflate
      Authorization:
      - Bearer __MASTODON_PY_TEST_ACCESS_TOKEN
      Connection:
      - keep-alive
      Content-Length:
      - '0'
      User-Agent:
      - tests/v311
    method: DELETE
    uri: http://localhost:3000/api/v1/statuses/109383677960160722
  response:
    body:
      string: '{"id":"109383677960160722","created_at":"2022-11-21T20:27:48.876Z","in_reply_to_id":null,"in_reply_to_account_id":null,"sensitive":false,"spoiler_text":"","visibility":"public","language":"ja","uri":"http://localhost:3000/users/mastodonpy_test/statuses/109383677960160722","url":"http://localhost:3000/@mastodonpy_test/109383677960160722","replies_count":0,"reblogs_count":0,"favourites_count":0,"edited_at":null,"favourited":false,"reblogged":false,"muted":false,"bookmarked":false,"pinned":false,"text":"Toot!","filtered":[],"reblog":null,"application":{"name":"Mastodon.py
        test suite","website":null},"account":{"id":"109383664973470793","username":"mastodonpy_test","acct":"mastodonpy_test","display_name":"John
        Lennon","locked":true,"bot":false,"discoverable":null,"group":false,"created_at":"2022-11-21T00:00:00.000Z","note":"\u003cp\u003eI
        walk funny\u003c/p\u003e","url":"http://localhost:3000/@mastodonpy_test","avatar":"http://localhost:3000/system/accounts/avatars/109/383/664/973/470/793/original/2960918a2a94fe6d.jpg","avatar_static":"http://localhost:3000/system/accounts/avatars/109/383/664/973/470/793/original/2960918a2a94fe6d.jpg","header":"http://localhost:3000/system/accounts/headers/109/383/664/973/470/793/original/a9a79058f61f48e3.jpg","header_static":"http://localhost:3000/system/accounts/headers/109/383/664/973/470/793/original/a9a79058f61f48e3.jpg","followers_count":0,"following_count":0,"statuses_count":5,"last_status_at":"2022-11-21","noindex":false,"emojis":[],"fields":[{"name":"bread","value":"toasty.","verified_at":null},{"name":"lasagna","value":"no!!!","verified_at":null}]},"media_attachments":[],"mentions":[],"tags":[],"emojis":[],"card":null,"poll":null}'
    headers:
      Cache-Control:
      - no-store
      Content-Security-Policy:
      - 'base-uri ''none''; default-src ''none''; frame-ancestors ''none''; font-src
        ''self'' http://localhost:3000; img-src ''self'' https: data: blob: http://localhost:3000;
        style-src ''self'' http://localhost:3000 ''nonce-X1zCDnooSbMOHVJyODAUUw=='';
        media-src ''self'' https: data: http://localhost:3000; frame-src ''self''
        https:; manifest-src ''self'' http://localhost:3000; connect-src ''self''
        data: blob: http://localhost:3000 http://localhost:3000 ws://localhost:4000
        ws://localhost:3035 http://localhost:3035; script-src ''self'' ''unsafe-inline''
        ''unsafe-eval'' http://localhost:3000; child-src ''self'' blob: http://localhost:3000;
        worker-src ''self'' blob: http://localhost:3000'
      Content-Type:
      - application/json; charset=utf-8
      ETag:
      - W/"ac432814b90777f590d45453d04b0cf7"
      Referrer-Policy:
      - strict-origin-when-cross-origin
      Transfer-Encoding:
      - chunked
      Vary:
      - Accept, Origin
      X-Content-Type-Options:
      - nosniff
      X-Download-Options:
      - noopen
      X-Frame-Options:
      - SAMEORIGIN
      X-Permitted-Cross-Domain-Policies:
      - none
      X-Request-Id:
      - 7e9baa3b-8897-438e-910a-cae2b19a7b42
      X-Runtime:
      - '0.027560'
      X-XSS-Protection:
      - 1; mode=block
    status:
      code: 200
      message: OK
version: 1
